
> maf-core-system@0.1.0 build
> next build

  Γû▓ Next.js 14.2.3
  - Environments: .env.local

   Creating an optimized production build ...
 Γ£ô Compiled successfully
   Linting and checking validity of types ...
   Collecting page data ...
node.exe : PageNotFoundError: Cannot find module for page: 
/company/main_warehouse/item-groups/[id]
At C:\Users\ahmed\AppData\Roaming\npm\npm.ps1:24 char:5
+     & "node$exe"  "$basedir/node_modules/npm/bin/npm-cli.js" 
$args
+     
~~~~~~~~~~~~~~~~~~~~~~~~~~~~~~~~~~~~~~~~~~~~~~~~~~~~~~~~~~~~~~
    + CategoryInfo          : NotSpecified: (PageNotFoundErr...te 
   m-groups/[id]:String) [], RemoteException
    + FullyQualifiedErrorId : NativeCommandError
 
    at getPagePath (D:\Res\MAF\node_modules\.pnpm\next@14.2.3_reac
t-dom@18.3.1_react@18.3.1__react@18.3.1\node_modules\next\dist\ser
ver\require.js:94:15)
    at requirePage (D:\Res\MAF\node_modules\.pnpm\next@14.2.3_reac
t-dom@18.3.1_react@18.3.1__react@18.3.1\node_modules\next\dist\ser
ver\require.js:99:22)
    at D:\Res\MAF\node_modules\.pnpm\next@14.2.3_react-dom@18.3.1_
react@18.3.1__react@18.3.1\node_modules\next\dist\server\load-comp
onents.js:98:84
    at process.processTicksAndRejections 
(node:internal/process/task_queues:105:5)
    at async loadComponentsImpl (D:\Res\MAF\node_modules\.pnpm\nex
t@14.2.3_react-dom@18.3.1_react@18.3.1__react@18.3.1\node_modules\
next\dist\server\load-components.js:98:26)
    at async D:\Res\MAF\node_modules\.pnpm\next@14.2.3_react-dom@1
8.3.1_react@18.3.1__react@18.3.1\node_modules\next\dist\build\util
s.js:1116:32
    at async Span.traceAsyncFn (D:\Res\MAF\node_modules\.pnpm\next
@14.2.3_react-dom@18.3.1_react@18.3.1__react@18.3.1\node_modules\n
ext\dist\trace\trace.js:154:20) {
  code: 'ENOENT'
}

> Build error occurred
Error: Failed to collect page data for 
/company/main_warehouse/item-groups/[id]
    at D:\Res\MAF\node_modules\.pnpm\next@14.2.3_react-dom@18.3.1_
react@18.3.1__react@18.3.1\node_modules\next\dist\build\utils.js:1
268:15
    at process.processTicksAndRejections 
(node:internal/process/task_queues:105:5) {
  type: 'Error'
}
